  Determining projects to restore...
D:\1Folders\University\2course\2semester\KPZ\Sudoku\src\Sudoku\Sudoku.csproj : warning NU1603: Sudoku depends on Microsoft.WindowsAppSDK (>= 1.5.240108000) but Microsoft.WindowsAppSDK 1.5.240108000 was not found. Microsoft.WindowsAppSDK 1.5.240227000 was resolved instead. [D:\1Folders\University\2course\2semester\KPZ\Sudoku\Sudoku.sln]
D:\1Folders\University\2course\2semester\KPZ\Sudoku\src\Sudoku.Tests\Sudoku.Tests.csproj : warning NU1603: Sudoku depends on Microsoft.WindowsAppSDK (>= 1.5.240108000) but Microsoft.WindowsAppSDK 1.5.240108000 was not found. Microsoft.WindowsAppSDK 1.5.240227000 was resolved instead. [D:\1Folders\University\2course\2semester\KPZ\Sudoku\Sudoku.sln]
  All projects are up-to-date for restore.
C:\Program Files\dotnet\sdk\10.0.203\Sdks\Microsoft.NET.Sdk\targets\Microsoft.NET.Sdk.FrameworkReferenceResolution.targets(120,5): error NETSDK1083: The specified RuntimeIdentifier 'win10-arm' is not recognized. See https://aka.ms/netsdk1083 for more information. [D:\1Folders\University\2course\2semester\KPZ\Sudoku\src\Sudoku.Tests\Sudoku.Tests.csproj]
C:\Program Files\dotnet\sdk\10.0.203\Sdks\Microsoft.NET.Sdk\targets\Microsoft.NET.Sdk.FrameworkReferenceResolution.targets(120,5): error NETSDK1083: The specified RuntimeIdentifier 'win10-arm-aot' is not recognized. See https://aka.ms/netsdk1083 for more information. [D:\1Folders\University\2course\2semester\KPZ\Sudoku\src\Sudoku.Tests\Sudoku.Tests.csproj]
C:\Program Files\dotnet\sdk\10.0.203\Sdks\Microsoft.NET.Sdk\targets\Microsoft.NET.Sdk.FrameworkReferenceResolution.targets(120,5): error NETSDK1083: The specified RuntimeIdentifier 'win10-arm64-aot' is not recognized. See https://aka.ms/netsdk1083 for more information. [D:\1Folders\University\2course\2semester\KPZ\Sudoku\src\Sudoku.Tests\Sudoku.Tests.csproj]
C:\Program Files\dotnet\sdk\10.0.203\Sdks\Microsoft.NET.Sdk\targets\Microsoft.NET.Sdk.FrameworkReferenceResolution.targets(120,5): error NETSDK1083: The specified RuntimeIdentifier 'win10-x86' is not recognized. See https://aka.ms/netsdk1083 for more information. [D:\1Folders\University\2course\2semester\KPZ\Sudoku\src\Sudoku.Tests\Sudoku.Tests.csproj]
C:\Program Files\dotnet\sdk\10.0.203\Sdks\Microsoft.NET.Sdk\targets\Microsoft.NET.Sdk.FrameworkReferenceResolution.targets(120,5): error NETSDK1083: The specified RuntimeIdentifier 'win10-x86-aot' is not recognized. See https://aka.ms/netsdk1083 for more information. [D:\1Folders\University\2course\2semester\KPZ\Sudoku\src\Sudoku.Tests\Sudoku.Tests.csproj]
C:\Program Files\dotnet\sdk\10.0.203\Sdks\Microsoft.NET.Sdk\targets\Microsoft.NET.Sdk.FrameworkReferenceResolution.targets(120,5): error NETSDK1083: The specified RuntimeIdentifier 'win10-x64' is not recognized. See https://aka.ms/netsdk1083 for more information. [D:\1Folders\University\2course\2semester\KPZ\Sudoku\src\Sudoku.Tests\Sudoku.Tests.csproj]
C:\Program Files\dotnet\sdk\10.0.203\Sdks\Microsoft.NET.Sdk\targets\Microsoft.NET.Sdk.FrameworkReferenceResolution.targets(120,5): error NETSDK1083: The specified RuntimeIdentifier 'win10-x64-aot' is not recognized. See https://aka.ms/netsdk1083 for more information. [D:\1Folders\University\2course\2semester\KPZ\Sudoku\src\Sudoku.Tests\Sudoku.Tests.csproj]
D:\1Folders\University\2course\2semester\KPZ\Sudoku\src\Sudoku\Sudoku.csproj : warning NU1603: Sudoku depends on Microsoft.WindowsAppSDK (>= 1.5.240108000) but Microsoft.WindowsAppSDK 1.5.240108000 was not found. Microsoft.WindowsAppSDK 1.5.240227000 was resolved instead.
C:\Users\Admin\.nuget\packages\microsoft.windowsappsdk\1.5.240227000\buildTransitive\MrtCore.PriGen.targets(913,5): error MSB4062: The "Microsoft.Build.Packaging.Pri.Tasks.ExpandPriContent" task could not be loaded from the assembly C:\Program Files\dotnet\sdk\10.0.203\\Microsoft\VisualStudio\v18.0\AppxPackage\\Microsoft.Build.Packaging.Pri.Tasks.dll. Could not load file or assembly 'C:\Program Files\dotnet\sdk\10.0.203\\Microsoft\VisualStudio\v18.0\AppxPackage\\Microsoft.Build.Packaging.Pri.Tasks.dll'. The system cannot find the file specified. Confirm that the <UsingTask> declaration is correct, that the assembly and all its dependencies are available, and that the task contains a public class that implements Microsoft.Build.Framework.ITask. [D:\1Folders\University\2course\2semester\KPZ\Sudoku\src\Sudoku\Sudoku.csproj]

Build FAILED.

D:\1Folders\University\2course\2semester\KPZ\Sudoku\src\Sudoku\Sudoku.csproj : warning NU1603: Sudoku depends on Microsoft.WindowsAppSDK (>= 1.5.240108000) but Microsoft.WindowsAppSDK 1.5.240108000 was not found. Microsoft.WindowsAppSDK 1.5.240227000 was resolved instead. [D:\1Folders\University\2course\2semester\KPZ\Sudoku\Sudoku.sln]
D:\1Folders\University\2course\2semester\KPZ\Sudoku\src\Sudoku.Tests\Sudoku.Tests.csproj : warning NU1603: Sudoku depends on Microsoft.WindowsAppSDK (>= 1.5.240108000) but Microsoft.WindowsAppSDK 1.5.240108000 was not found. Microsoft.WindowsAppSDK 1.5.240227000 was resolved instead. [D:\1Folders\University\2course\2semester\KPZ\Sudoku\Sudoku.sln]
D:\1Folders\University\2course\2semester\KPZ\Sudoku\src\Sudoku\Sudoku.csproj : warning NU1603: Sudoku depends on Microsoft.WindowsAppSDK (>= 1.5.240108000) but Microsoft.WindowsAppSDK 1.5.240108000 was not found. Microsoft.WindowsAppSDK 1.5.240227000 was resolved instead.
C:\Program Files\dotnet\sdk\10.0.203\Sdks\Microsoft.NET.Sdk\targets\Microsoft.NET.Sdk.FrameworkReferenceResolution.targets(120,5): error NETSDK1083: The specified RuntimeIdentifier 'win10-arm' is not recognized. See https://aka.ms/netsdk1083 for more information. [D:\1Folders\University\2course\2semester\KPZ\Sudoku\src\Sudoku.Tests\Sudoku.Tests.csproj]
C:\Program Files\dotnet\sdk\10.0.203\Sdks\Microsoft.NET.Sdk\targets\Microsoft.NET.Sdk.FrameworkReferenceResolution.targets(120,5): error NETSDK1083: The specified RuntimeIdentifier 'win10-arm-aot' is not recognized. See https://aka.ms/netsdk1083 for more information. [D:\1Folders\University\2course\2semester\KPZ\Sudoku\src\Sudoku.Tests\Sudoku.Tests.csproj]
C:\Program Files\dotnet\sdk\10.0.203\Sdks\Microsoft.NET.Sdk\targets\Microsoft.NET.Sdk.FrameworkReferenceResolution.targets(120,5): error NETSDK1083: The specified RuntimeIdentifier 'win10-arm64-aot' is not recognized. See https://aka.ms/netsdk1083 for more information. [D:\1Folders\University\2course\2semester\KPZ\Sudoku\src\Sudoku.Tests\Sudoku.Tests.csproj]
C:\Program Files\dotnet\sdk\10.0.203\Sdks\Microsoft.NET.Sdk\targets\Microsoft.NET.Sdk.FrameworkReferenceResolution.targets(120,5): error NETSDK1083: The specified RuntimeIdentifier 'win10-x86' is not recognized. See https://aka.ms/netsdk1083 for more information. [D:\1Folders\University\2course\2semester\KPZ\Sudoku\src\Sudoku.Tests\Sudoku.Tests.csproj]
C:\Program Files\dotnet\sdk\10.0.203\Sdks\Microsoft.NET.Sdk\targets\Microsoft.NET.Sdk.FrameworkReferenceResolution.targets(120,5): error NETSDK1083: The specified RuntimeIdentifier 'win10-x86-aot' is not recognized. See https://aka.ms/netsdk1083 for more information. [D:\1Folders\University\2course\2semester\KPZ\Sudoku\src\Sudoku.Tests\Sudoku.Tests.csproj]
C:\Program Files\dotnet\sdk\10.0.203\Sdks\Microsoft.NET.Sdk\targets\Microsoft.NET.Sdk.FrameworkReferenceResolution.targets(120,5): error NETSDK1083: The specified RuntimeIdentifier 'win10-x64' is not recognized. See https://aka.ms/netsdk1083 for more information. [D:\1Folders\University\2course\2semester\KPZ\Sudoku\src\Sudoku.Tests\Sudoku.Tests.csproj]
C:\Program Files\dotnet\sdk\10.0.203\Sdks\Microsoft.NET.Sdk\targets\Microsoft.NET.Sdk.FrameworkReferenceResolution.targets(120,5): error NETSDK1083: The specified RuntimeIdentifier 'win10-x64-aot' is not recognized. See https://aka.ms/netsdk1083 for more information. [D:\1Folders\University\2course\2semester\KPZ\Sudoku\src\Sudoku.Tests\Sudoku.Tests.csproj]
C:\Users\Admin\.nuget\packages\microsoft.windowsappsdk\1.5.240227000\buildTransitive\MrtCore.PriGen.targets(913,5): error MSB4062: The "Microsoft.Build.Packaging.Pri.Tasks.ExpandPriContent" task could not be loaded from the assembly C:\Program Files\dotnet\sdk\10.0.203\\Microsoft\VisualStudio\v18.0\AppxPackage\\Microsoft.Build.Packaging.Pri.Tasks.dll. Could not load file or assembly 'C:\Program Files\dotnet\sdk\10.0.203\\Microsoft\VisualStudio\v18.0\AppxPackage\\Microsoft.Build.Packaging.Pri.Tasks.dll'. The system cannot find the file specified. Confirm that the <UsingTask> declaration is correct, that the assembly and all its dependencies are available, and that the task contains a public class that implements Microsoft.Build.Framework.ITask. [D:\1Folders\University\2course\2semester\KPZ\Sudoku\src\Sudoku\Sudoku.csproj]
    3 Warning(s)
    8 Error(s)

Time Elapsed 00:00:02.26
